<?xml version="1.0" encoding="UTF-8"?>
<testsuites name="Jest Tests" tests="2" failures="0" errors="0" time="1.195">
  <testsuite name="Simple test" errors="0" failures="0" skipped="0" timestamp="2026-02-28T08:58:46" time="0.197" tests="2">
    <testcase classname="Simple test" name="should work" time="0.002">
    </testcase>
    <testcase classname="Simple test" name="should check if arrays are equal" time="0.001">
    </testcase>
  </testsuite>
</testsuites>